mvn : The JAVA_HOME environment variable is 
not defined correctly, 
所在位置 行:1 字符: 1
+ mvn spring-boot:run 2>&1 | Out-File -FileP
ath error_log.txt
+ ~~~~~~~~~~~~~~~~~~~~~~~~
    + CategoryInfo          : NotSpecified: 
    (The JAVA_HOME e...ned correctly, :Str  
  ing) [], RemoteException
    + FullyQualifiedErrorId : NativeCommand 
   Error
 
this environment variable is needed to run t
his program. 
